// Jest Snapshot v1, https://goo.gl/fbAQLP

exports[`should render ExpenseList with expenses 1`] = `
<ContextConsumer>
  <Component />
</ContextConsumer>
`;
